ssh5spnd	サムライスピリッツ零スペシャル (non encrypted P decrypted C)	さむらいすぴりっつ_6_2ぜろすぺしゃる	Playmore Corporation / Yuki Enterprise
roishtar2p	イシターの復活 (2 Players for kaillera)	いしたーのふっかつ	Namco
hotgmck_k	対戦ホットギミック (日本版 / kaillera)	たいせんほっとぎみっく_1	Psikyo
hgkairak_k	対戦ホットギミック 快楽天 (日本版 / kaillera)	たいせんほっとぎみっく_2かいらくてん	Psikyo
hotgmck3_k	対戦ホットギミック３ デジタルサーフィン (日本版 / kaillera)	たいせんほっとぎみっく_3でじたるさーふぃん	Psikyo
loderndf_k	ロードランナー・ザ・ディグファイト (日本版 ver B / co kaillera)	ろーどらんなー_5ざでぃぐふぁいと	Psikyo
loderndf_vs	ロードランナー・ザ・ディグファイト (日本版 ver B / vs kaillera)	ろーどらんなー_5ざでぃぐふぁいと	Psikyo
hotdebut_k	クイズでアイドル！ ホットデビュー (日本版 / kaillera)	くいずであいどるほっとでびゅー	Psikyo / Moss
captcomm3p	キャプテンコマンドー (海外版 911014 / 3 Players for kaillera)	きゃぷてんこまんどー	Capcom
captcomu3p	キャプテンコマンドー (USA版 910928 / 3 Players for kaillera)	きゃぷてんこまんどー	Capcom
captcomj3p	キャプテンコマンドー (日本版 911202 / 3 Players for kaillera)	きゃぷてんこまんどー	Capcom
captcomm4p	キャプテンコマンドー (海外版 911014 / 4 Players for kaillera)	きゃぷてんこまんどー	Capcom
captcomu4p	キャプテンコマンドー (USA版 910928 / 4 Players for kaillera)	きゃぷてんこまんどー	Capcom
captcomj4p	キャプテンコマンドー (日本版 911202 / 4 Players for kaillera)	きゃぷてんこまんどー	Capcom
avsp3p	エイリアン ＶＳ． プレデター (欧州版 940520 / 3 Players for kaillera)	えいりあんばーさすぷれでたー	Capcom
avspu3p	エイリアン ＶＳ． プレデター (USA版 940520 / 3 Players for kaillera)	えいりあんばーさすぷれでたー	Capcom
avspj3p	エイリアン ＶＳ． プレデター (日本版 940520 / 3 Players for kaillera)	えいりあんばーさすぷれでたー	Capcom
avspa3p	エイリアン ＶＳ． プレデター (アジア版 940520 / 3 Players for kaillera)	えいりあんばーさすぷれでたー	Capcom
batcir4p	バトルサーキット (欧州版 970319 / 4 Players for kaillera)	ばとるさーきっと	Capcom
batcirj4p	バトルサーキット (日本版 970319 / 4 Players for kaillera)	ばとるさーきっと	Capcom
ddsom4p	ダンジョンズ＆ドラゴンズ -シャドーオーバーミスタラ (欧州版 960619 / 4 Players for kaillera)	だんじょんずあんどどらごんず_2しゃどーおーばーみすたら	Capcom
ddsomr2_4p	ダンジョンズ＆ドラゴンズ -シャドーオーバーミスタラ (欧州版 960209 / 4 Players for kaillera)	だんじょんずあんどどらごんず_2しゃどーおーばーみすたら	Capcom
ddsomu4p	ダンジョンズ＆ドラゴンズ -シャドーオーバーミスタラ (USA版 960619 / 4 Players for kaillera)	だんじょんずあんどどらごんず_2しゃどーおーばーみすたら	Capcom
ddsomur1_4p	ダンジョンズ＆ドラゴンズ -シャドーオーバーミスタラ (USA版 960209 / 4 Players for kaillera)	だんじょんずあんどどらごんず_2しゃどーおーばーみすたら	Capcom
ddsomjr1_4p	ダンジョンズ＆ドラゴンズ -シャドーオーバーミスタラ (日本版 960206 / 4 Players for kaillera)	だんじょんずあんどどらごんず_2しゃどーおーばーみすたら	Capcom
ddsomj4p	ダンジョンズ＆ドラゴンズ -シャドーオーバーミスタラ (日本版 960619 / 4 Players for kaillera)	だんじょんずあんどどらごんず_2しゃどーおーばーみすたら	Capcom
ddsoma4p	ダンジョンズ＆ドラゴンズ -シャドーオーバーミスタラ (アジア版 960619 / 4 Players for kaillera)	だんじょんずあんどどらごんず_2しゃどーおーばーみすたら	Capcom
tgm2	テトリス ジ・アブソリュート ザ・グランドマスター2	てとりす_4_1じあぶそりゅーとざぐらんどますたー2	Arika
tgm2p	テトリス ジ・アブソリュート ザ・グランドマスター2 Plus	てとりす_4_2じあぶそりゅーとざぐらんどますたー2ぷらす	Arika
lbowling4p	リーグ・ボウリング (4 Players for kailera)	りーぐぼうりんぐ	SNK
kof95_6p	ザ・キング・オブ・ファイターズ '95 (6 Players for kaillera)	ざきんぐおぶふぁいたーず_02_1995	SNK
kof98_6p	ザ・キング・オブ・ファイターズ '98 (6 Players for kaillera)	ざきんぐおぶふぁいたーず_05_1998	SNK
sfa3p	ストリートファイターZERO3 / Street Fighter Alpha 3 (USA版 980904 / Battle Modes Unlocked)	すとりーとふぁいたー_6ぜろ_3	Capcom
sfa3up	ストリートファイターZERO3 / Street Fighter Alpha 3 (USA版 980904 / Battle Modes Unlocked)	すとりーとふぁいたー_6ぜろ_3	Capcom
sfa3ur1p	ストリートファイターZERO3 / Street Fighter Alpha 3 (USA版 980629 / Battle Modes Unlocked)	すとりーとふぁいたー_6ぜろ_3	Capcom
sfz3jp	ストリートファイターZERO3 (日本版 980904 / Battle Modes Unlocked)	すとりーとふぁいたー_6ぜろ_3	Capcom
sfz3jr1p	ストリートファイターZERO3 (日本版 980727 / Battle Modes Unlocked)	すとりーとふぁいたー_6ぜろ_3	Capcom
sfz3jr2p	ストリートファイターZERO3 (日本版 980629 / Battle Modes Unlocked)	すとりーとふぁいたー_6ぜろ_3	Capcom
sfz3ar1p	ストリートファイターZERO3 (アジア版 980701 / Battle Modes Unlocked)	すとりーとふぁいたー_6ぜろ_3	Capcom
ecofghtrrgn	アルティミットエコロジー (region changed to Japan)	あるてぃみっとえころじー	Capcom
xmvsfregion	X-MEN VS. ストリートファイター (region changed to Japan)	えっくすめん_3ばーさすすとりーとふぁいたー	Capcom
xmvsfregion4p	X-MEN VS. ストリートファイター (4 Players for kaillera)	えっくすめん_3ばーさすすとりーとふぁいたー	Capcom
mshvsfj4p	マーヴル・スーパーヒーローズ VS. ストリートファイター (日本版 970707 / 4 Players for kaillera)	まーぶるすーぱーひーろーず_2ばーさすすとりーとふぁいたー	Capcom
mvscj4p	マーヴル VS. カプコン -クラッシュオブスーパーヒーローズ (日本版 980123 / 4 Players for kaillera)	まーぶるばーさすかぷこん	Capcom
hyprolym4p	ハイパーオリンピック (4 Players for kaillera)	はいぱーおりんぴっく_1	Konami
hyperspt4p	ハイパーオリンピック '84 / Hyper Sports (4 Players for kaillera)	はいぱーおりんぴっく_284	Konami (Centuri license)
hpolym84_4p	ハイパーオリンピック '84 (4 Players for kaillera)	はいぱーおりんぴっく_284	Konami
ga2j4p	ゴールデンアックス -デスアダーの復讐 (日本版 / 4 Players for kaillera)	ごーるでんあっくす_3	Sega
1944region	1944 -ザ・ループマスター (region changed to Japan)	いちきゅうよん_4よん	Capcom, supported by Eighting/Raizing
zupapad	ズパパ！ (custom decrypted C)	ずぱぱ	SNK
kof99d	ザ・キング・オブ・ファイターズ '99 -ミレニアムバトル (decrypted C)	ざきんぐおぶふぁいたーず_06_1999	SNK
ganryud	武蔵巌流記 (decrypted C)	むさしがんりゅうき	Visco
garoud	餓狼 -マーク・オブ・ザ・ウルヴス (decrypted C)	がろうまーくおぶざうるぶす	SNK
s1945pd	ストライカーズ1945 プラス (decrypted C)	すとらいかーず_1_31945ぷらす	Psikyo
preisl2d	原始島2 / Prehistoric Isle 2 (decrypted C)	げんしとう_2	Yumekobo
mslug3d	メタルスラッグ3 (decrypted C)	めたるすらっぐ_3_1	SNK
kof2000d	ザ・キング・オブ・ファイターズ 2000 (decrypted C)	ざきんぐおぶふぁいたーず_07_1_2000	SNK
nitdd	ナイトメア・イン・ザ・ダーク (decrypted C)	ないとめあいんざだーく	Eleven / Gavaking
sengok3d	戦国伝承2001 (decrypted C)	せんごくでんしょう_32001	SNK
kof2001d	ザ・キング・オブ・ファイターズ 2001 (decrypted C)	ざきんぐおぶふぁいたーず_08_1_2001	Eolith / SNK
mslug4d	メタルスラッグ4 (custom decrypted C)	めたるすらっぐ_4_1	Mega
rotdd	レイジ・オブ・ザ・ドラゴンズ (decrypted C)	れいじおぶざどらごんず	Evoga / Playmore
kof2002d	ザ・キング・オブ・ファイターズ 2002 -Challenge to Ultimate Battle (decrypted C)	ざきんぐおぶふぁいたーず_09_1_2002	Eolith / Playmore
matrimd	新豪血寺一族 闘婚 -Matrimelee (decrypted C)	しんごうけつじいちぞくとうこん	Noise Factory / Atlus
kf2k3pcb	ザ・キング・オブ・ファイターズ 2003 (日本版 JAMMA PCB)	ざきんぐおぶふぁいたーず_10_2003	SNK Playmore
kof2003	ザ・キング・オブ・ファイターズ 2003 (海外 / USA版 MVS)	ざきんぐおぶふぁいたーず_10_2003	SNK Playmore
kf2k3bl	ザ・キング・オブ・ファイターズ 2003 (海賊版 set 1)	ざきんぐおぶふぁいたーず_10_2003	bootleg
kf2k3pl	ザ・キング・オブ・ファイターズ 2003 / The King of Fighters 2004 Plus / Hero (海賊版)	ざきんぐおぶふぁいたーず_10_2003	bootleg
kf2k3upl	ザ・キング・オブ・ファイターズ 2003 / The King of Fighters 2004 Ultra Plus (海賊版)	ざきんぐおぶふぁいたーず_10_2003	bootleg
diggerma	ディガーマン	でぃがーまん	Unknown
neo2500	ネオ2500 デモ	ねお2500でも	blastar@gmx.net
kof97pla	ザ・キング・オブ・ファイターズ '97 / The King of Fighters '97 Plus (海賊版 set 2)	ざきんぐおぶふぁいたーず_04_2_1997	bootleg
fromanc2_k	対戦アイドル麻雀 ファイナルロマンス2 (日本版 / kaillera)	たいせんあいどるまーじゃんふぁいなるろまんす2	Video System Co.
fromancr_k	対戦麻雀 ファイナルロマンスR (日本版 / kaillera)	たいせんまーじゃんふぁいなるろまんす_3あーる	Video System Co.
fromanc4_k	対戦麻雀 ファイナルロマンス4 (日本版 / kaillera)	たいせんまーじゃんふぁいなるろまんす_4	Video System Co.
fr2ch	アイドル麻雀ファイナルロマンス2 (CD版) (海賊版)	あいどるまーじゃんふぁいなるろまんす_2	Video System Co.
hsf2nb	ハイパーストリートファイターII -The Anniversary Edition (アジア版 040202 Phoenix Edition / Nebula set)	はいぱーすとりーとふぁいたー_2	hack
jojobap	ジョジョの奇妙な冒険 -未来への遺産 (日本版 990913 / EX Chars)	じょじょのきみょうなぼうけん_2みらいへのいさん	Capcom
hotgm4ev_k	対戦ホットギミックフォーエバー (日本版 / kaillera)	たいせんほっとぎみっく_4ふぉーえばー	Psikyo
famicom	ファミリーコンピュータ	ふぁみりーこんぴゅーた	Nintendo
famitwin	ツインファミコン	ついんふぁみこん	Sharp
gameboy	ゲームボーイ	げーむぼーい	Nintendo
gbpocket	ゲームボーイポケット	げーむぼーいぽけっと	Nintendo
gbcolor	ゲームボーイカラー	ゲームボーイカラー	Nintendo
genesis	ジェネシス (USA版, NTSC)	じぇねしす	Sega
megadriv	メガドライブ (欧州版, PAL)	めがどらいぶ	Sega
megadrij	メガドライブ (日本版, NTSC)	めがどらいぶ	Sega
megaduck	MegaDuck/Cougar Boy	MegaDuck/Cougar Boy	Creatronic/Videojet/Timlex/Cougar
nes	ニンテンドー・エンターテインメント・システム (NTSC)	にんてんどーえんたーていめんとしすてむ	Nintendo
nespal	ニンテンドー・エンターテインメント・システム (PAL)	にんてんどーえんたーていめんとしすてむ	Nintendo
supergb	スーパーゲームボーイ	スーパーゲームボーイ	Nintendo
snes	スーパーファミコン (NTSC)	すーぱーふぁみこん (NTSC)	Nintendo
snespal	スーパー・ニンテンドー・エンターテインメント・システム (PAL)	すーぱーにんてんどーえんたーていめんとしすてむ	Nintendo
kov2106_4p	三國戦紀2 (ver 106 / 4 Players for kaillera)	さんごくせんき_2_1	IGS
kov2p4p	三國戦紀 武将争覇 (ver M204XX / 4 Players for kaillera)	さんごくせんき_2_2	IGS
pce	PCエンジン	ぴーしーえんじん	Nippon Electronic Company
sgx	PCエンジンスーパーグラフィックス	ぴーしーえんじんすーぱーぐらふぃっくす	Nippon Electronic Company
tg16	ターボグラフィックス16	たーぼぐらふぃっくす16	Nippon Electronic Company
wswan	ワンダースワン	わんだーすわん	Bandai
wscolor	ワンダースワンカラー	わんだーすわんからー	Bandai
